
> temp-app@0.1.0 build
> next build

Ôû▓ Next.js 16.1.6 (Turbopack)
- Environments: .env.local

node.exe : ÔÜá The "middleware" 
file convention is deprecated. 
Please use "proxy" instead. 
Learn more: https://nextjs.org/do
cs/messages/middleware-to-proxy
No linha:1 caractere:1
+ & "C:\Program 
Files\nodejs/node.exe" 
"C:\Program Files\nodejs/node_mo 
...
+ ~~~~~~~~~~~~~~~~~~~~~~~~~~~~~~~
~~~~~~~~~~~~~~~~~~~~~~~~~~~~~~~~~
~~~~~
    + CategoryInfo          : No 
   tSpecified: (ÔÜá The "middle  
  ...leware-to-proxy:String) [   
 ], RemoteException
    + FullyQualifiedErrorId : Na 
   tiveCommandError
 
  Creating an optimized production build ...
Ô£ô Compiled successfully in 5.8s
  Running TypeScript ...
Failed to compile.

./src/app/api/motivation/route.ts
:17:58
Type error: 'supabase' is 
possibly 'null'.

[0m [90m 15 |[39m
 [90m 16 |[39m         [90m// 
1. Check if we already have a 
message for today[39m
[31m[1m>[22m[39m[90m 17 
|[39m         [36mconst[39m { 
data[33m:[39m 
existing[33m,[39m 
error[33m:[39m dbError } 
[33m=[39m [36mawait[39m 
supabase
 [90m    |[39m                 
                                 
        [31m[1m^[22m[39m
 [90m 18 |[39m             [33
m.[39m[36mfrom[39m([32m'daily
_motivations'[39m)
 [90m 19 |[39m             
[33m.[39mselect([32m'*'[39m)
 [90m 20 |[39m             [33
m.[39meq([32m'date'[39m[33m,
[39m today)[0m
Next.js build worker exited with 
code: 1 and signal: null
