
> temp-app@0.1.0 build
> next build

â–² Next.js 16.1.6 (Turbopack)
- Environments: .env.local

âš  The "middleware" file convention is deprecated. Please use "proxy" instead. Learn more: https://nextjs.org/docs/messages/middleware-to-proxy
  Creating an optimized production build ...

> Build error occurred
Error: Turbopack build failed with 4 errors:
./src/components/Sidebar.tsx:194:25
Parsing ecmascript source code failed
[0m [90m 192 |[39m                         [33m<[39m[33m/[39m[33mLink[39m[33m>[39m
 [90m 193 |[39m                     )}
[31m[1m>[22m[39m[90m 194 |[39m                         [33m>[39m
 [90m     |[39m                         [31m[1m^[22m[39m
 [90m 195 |[39m                             [33m<[39m[33mCreditCard[39m className[33m=[39m{cn([32m"mr-3 h-5 w-5"[39m[33m,[39m pathname [33m===[39m [32m"/admin/subscriptions"[39m [33m?[39m [32m"text-primary"[39m [33m:[39m [32m"text-muted-foreground"[39m)} [33m/[39m[33m>[39m
 [90m 196 |[39m                             [33mAssinaturas[39m ([33mAdmin[39m)
 [90m 197 |[39m                         [33m<[39m[33m/[39m[33mLink[39m[33m>[39m[0m

Unexpected token. Did you mean `{'>'}` or `&gt;`?

Import traces:
  Client Component Browser:
    ./src/components/Sidebar.tsx [Client Component Browser]
    ./src/components/AppShell.tsx [Client Component Browser]
    ./src/components/AppShell.tsx [Server Component]
    ./src/app/layout.tsx [Server Component]

  Client Component SSR:
    ./src/components/Sidebar.tsx [Client Component SSR]
    ./src/components/AppShell.tsx [Client Component SSR]
    ./src/components/AppShell.tsx [Server Component]
    ./src/app/layout.tsx [Server Component]


./src/components/Sidebar.tsx:198:22
Parsing ecmascript source code failed
[0m [90m 196 |[39m                             [33mAssinaturas[39m ([33mAdmin[39m)
 [90m 197 |[39m                         [33m<[39m[33m/[39m[33mLink[39m[33m>[39m
[31m[1m>[22m[39m[90m 198 |[39m                     )}
 [90m     |[39m                      [31m[1m^[22m[39m
 [90m 199 |[39m                     {user [33m&&[39m user[33m.[39mid [33m===[39m [33mADMIN_ID[39m [33m&&[39m (
 [90m 200 |[39m                         [33m<[39m[33mLink[39m
 [90m 201 |[39m                             href[33m=[39m[32m"/admin/coupons"[39m[0m

Unexpected token. Did you mean `{'}'}` or `&rbrace;`?

Import traces:
  Client Component Browser:
    ./src/components/Sidebar.tsx [Client Component Browser]
    ./src/components/AppShell.tsx [Client Component Browser]
    ./src/components/AppShell.tsx [Server Component]
    ./src/app/layout.tsx [Server Component]

  Client Component SSR:
    ./src/components/Sidebar.tsx [Client Component SSR]
    ./src/components/AppShell.tsx [Client Component SSR]
    ./src/components/AppShell.tsx [Server Component]
    ./src/app/layout.tsx [Server Component]


./src/app/api/admin/coupons/route.ts:2:1
Module not found: Can't resolve '@/lib/supabase/server'
[0m [90m 1 |[39m
[31m[1m>[22m[39m[90m 2 |[39m [36mimport[39m { createClient } [36mfrom[39m [32m"@/lib/supabase/server"[39m[33m;[39m [90m// Adjust import path if needed[39m
 [90m   |[39m [31m[1m^[22m[39m[31m[1m^[22m[39m[31m[1m^[22m[39m[31m[1m^[22m[39m[31m[1m^[22m[39m[31m[1m^[22m[39m[31m[1m^[22m[39m[31m[1m^[22m[39m[31m[1m^[22m[39m[31m[1m^[22m[39m[31m[1m^[22m[39m[31m[1m^[22m[39m[31m[1m^[22m[39m[31m[1m^[22m[39m[31m[1m^[22m[39m[31m[1m^[22m[39m[31m[1m^[22m[39m[31m[1m^[22m[39m[31m[1m^[22m[39m[31m[1m^[22m[39m[31m[1m^[22m[39m[31m[1m^[22m[39m[31m[1m^[22m[39m[31m[1m^[22m[39m[31m[1m^[22m[39m[31m[1m^[22m[39m[31m[1m^[22m[39m[31m[1m^[22m[39m[31m[1m^[22m[39m[31m[1m^[22m[39m[31m[1m^[22m[39m[31m[1m^[22m[39m[31m[1m^[22m[39m[31m[1m^[22m[39m[31m[1m^[22m[39m[31m[1m^[22m[39m[31m[1m^[22m[39m[31m[1m^[22m[39m[31m[1m^[22m[39m[31m[1m^[22m[39m[31m[1m^[22m[39m[31m[1m^[22m[39m[31m[1m^[22m[39m[31m[1m^[22m[39m[31m[1m^[22m[39m[31m[1m^[22m[39m[31m[1m^[22m[39m[31m[1m^[22m[39m[31m[1m^[22m[39m[31m[1m^[22m[39m[31m[1m^[22m[39m[31m[1m^[22m[39m[31m[1m^[22m[39m
 [90m 3 |[39m [36mimport[39m { [33mNextResponse[39m } [36mfrom[39m [32m"next/server"[39m[33m;[39m
 [90m 4 |[39m
 [90m 5 |[39m [36mexport[39m [36masync[39m [36mfunction[39m [33mGET[39m() {[0m

Import map: aliased to relative './src/lib/supabase/server' inside of [project]/


https://nextjs.org/docs/messages/module-not-found


./src/app/api/coupons/redeem/route.ts:2:1
Module not found: Can't resolve '@/lib/supabase/server'
[0m [90m 1 |[39m
[31m[1m>[22m[39m[90m 2 |[39m [36mimport[39m { createClient } [36mfrom[39m [32m"@/lib/supabase/server"[39m[33m;[39m
 [90m   |[39m [31m[1m^[22m[39m[31m[1m^[22m[39m[31m[1m^[22m[39m[31m[1m^[22m[39m[31m[1m^[22m[39m[31m[1m^[22m[39m[31m[1m^[22m[39m[31m[1m^[22m[39m[31m[1m^[22m[39m[31m[1m^[22m[39m[31m[1m^[22m[39m[31m[1m^[22m[39m[31m[1m^[22m[39m[31m[1m^[22m[39m[31m[1m^[22m[39m[31m[1m^[22m[39m[31m[1m^[22m[39m[31m[1m^[22m[39m[31m[1m^[22m[39m[31m[1m^[22m[39m[31m[1m^[22m[39m[31m[1m^[22m[39m[31m[1m^[22m[39m[31m[1m^[22m[39m[31m[1m^[22m[39m[31m[1m^[22m[39m[31m[1m^[22m[39m[31m[1m^[22m[39m[31m[1m^[22m[39m[31m[1m^[22m[39m[31m[1m^[22m[39m[31m[1m^[22m[39m[31m[1m^[22m[39m[31m[1m^[22m[39m[31m[1m^[22m[39m[31m[1m^[22m[39m[31m[1m^[22m[39m[31m[1m^[22m[39m[31m[1m^[22m[39m[31m[1m^[22m[39m[31m[1m^[22m[39m[31m[1m^[22m[39m[31m[1m^[22m[39m[31m[1m^[22m[39m[31m[1m^[22m[39m[31m[1m^[22m[39m[31m[1m^[22m[39m[31m[1m^[22m[39m[31m[1m^[22m[39m[31m[1m^[22m[39m[31m[1m^[22m[39m[31m[1m^[22m[39m[31m[1m^[22m[39m
 [90m 3 |[39m [36mimport[39m { [33mNextResponse[39m } [36mfrom[39m [32m"next/server"[39m[33m;[39m
 [90m 4 |[39m
 [90m 5 |[39m [36mexport[39m [36masync[39m [36mfunction[39m [33mPOST[39m(request[33m:[39m [33mRequest[39m) {[0m

Import map: aliased to relative './src/lib/supabase/server' inside of [project]/


https://nextjs.org/docs/messages/module-not-found


    at <unknown> (./src/components/Sidebar.tsx:194:25)
    at <unknown> (./src/components/Sidebar.tsx:198:22)
    at <unknown> (./src/app/api/admin/coupons/route.ts:2:1)
    at <unknown> (https://nextjs.org/docs/messages/module-not-found)
    at <unknown> (./src/app/api/coupons/redeem/route.ts:2:1)
    at <unknown> (https://nextjs.org/docs/messages/module-not-found)
